#
# There is insufficient memory for the Java Runtime Environment to continue.
# Native memory allocation (malloc) failed to allocate 1048576 bytes. Error detail: AllocateHeap
# Possible reasons:
#   The system is out of physical RAM or swap space
#   This process is running with CompressedOops enabled, and the Java Heap may be blocking the growth of the native heap
# Possible solutions:
#   Reduce memory load on the system
#   Increase physical memory or swap space
#   Check if swap backing store is full
#   Decrease Java heap size (-Xmx/-Xms)
#   Decrease number of Java threads
#   Decrease Java thread stack sizes (-Xss)
#   Set larger code cache with -XX:ReservedCodeCacheSize=
#   JVM is running with Unscaled Compressed Oops mode in which the Java heap is
#     placed in the first 4GB address space. The Java Heap base address is the
#     maximum limit for the native heap growth. Please use -XX:HeapBaseMinAddress
#     to set the Java Heap base and to place the Java Heap above 4GB virtual address.
# This output file may be truncated or incomplete.
#
#  Out of Memory Error (allocation.cpp:44), pid=8188, tid=16560
#
# JRE version: OpenJDK Runtime Environment Temurin-21.0.10+7 (21.0.10+7) (build 21.0.10+7-LTS)
# Java VM: OpenJDK 64-Bit Server VM Temurin-21.0.10+7 (21.0.10+7-LTS, mixed mode, sharing, tiered, compressed oops, compressed class ptrs, parallel gc, windows-amd64)
# No core dump will be written. Minidumps are not enabled by default on client versions of Windows
#

---------------  S U M M A R Y ------------

Command Line: --add-modules=ALL-SYSTEM --add-opens=java.base/java.util=ALL-UNNAMED --add-opens=java.base/java.lang=ALL-UNNAMED --add-opens=java.base/sun.nio.fs=ALL-UNNAMED -Declipse.application=org.eclipse.jdt.ls.core.id1 -Dosgi.bundles.defaultStartLevel=4 -Declipse.product=org.eclipse.jdt.ls.core.product -Djava.import.generatesMetadataFilesAtProjectRoot=false -DDetectVMInstallationsJob.disabled=true -Dfile.encoding=utf8 -XX:+UseParallelGC -XX:GCTimeRatio=4 -XX:AdaptiveSizePolicyWeight=90 -Dsun.zip.disableMemoryMapping=true -Xmx2G -Xms100m -Xlog:disable -javaagent:c:\Users\Alison FB\.vscode\extensions\redhat.java-1.54.0-win32-x64\lombok\lombok-1.18.39-4050.jar -XX:+HeapDumpOnOutOfMemoryError -XX:HeapDumpPath=c:\Users\Alison FB\AppData\Roaming\Code\User\workspaceStorage\700a4d7b39670635a1bbf14dbed19cd9\redhat.java -Daether.dependencyCollector.impl=bf c:\Users\Alison FB\.vscode\extensions\redhat.java-1.54.0-win32-x64\server\plugins\org.eclipse.equinox.launcher_1.7.100.v20251111-0406.jar -configuration c:\Users\Alison FB\AppData\Roaming\Code\User\globalStorage\redhat.java\1.54.0\config_win -data c:\Users\Alison FB\AppData\Roaming\Code\User\workspaceStorage\700a4d7b39670635a1bbf14dbed19cd9\redhat.java\jdt_ws --pipe=\\.\pipe\lsp-1fd99471aff8e92d3ea3e0c086bcba5e-sock

Host: Intel(R) Core(TM) i5-8250U CPU @ 1.60GHz, 8 cores, 7G,  Windows 11 , 64 bit Build 26100 (10.0.26100.8328)
Time: Wed Jun 10 11:39:43 2026 Hora oficial do Brasil elapsed time: 82220.405680 seconds (0d 22h 50m 20s)

---------------  T H R E A D  ---------------

Current thread (0x0000019f73ad6a20):  JavaThread "Attach Listener" daemon [_thread_in_vm, id=16560, stack(0x0000000c5df00000,0x0000000c5e000000) (1024K)]

Stack: [0x0000000c5df00000,0x0000000c5e000000]
Native frames: (J=compiled Java code, j=interpreted, Vv=VM code, C=native code)
V  [jvm.dll+0x6d7a39]
V  [jvm.dll+0x8b4b26]
V  [jvm.dll+0x8b70de]
V  [jvm.dll+0x8b77c3]
V  [jvm.dll+0x284346]
V  [jvm.dll+0xc1277]
V  [jvm.dll+0x6d82e9]
V  [jvm.dll+0x1334a6]
V  [jvm.dll+0x3f857e]
V  [jvm.dll+0x85f59d]
V  [jvm.dll+0x6d626d]
C  [ucrtbase.dll+0x37b0]
C  [KERNEL32.DLL+0x2e957]
C  [ntdll.dll+0x427c]


---------------  P R O C E S S  ---------------

Threads class SMR info:
_java_thread_list=0x0000019f7c0fa930, length=43, elements={
0x0000019f5b37f0a0, 0x0000019f73ac83e0, 0x0000019f73aca570, 0x0000019f73ad4d30,
0x0000019f73ad6a20, 0x0000019f73ad7480, 0x0000019f73ad7ee0, 0x0000019f73adac80,
0x0000019f73afa800, 0x0000019f756744d0, 0x0000019f756db640, 0x0000019f7589b390,
0x0000019f7a95e390, 0x0000019f7a9ad2f0, 0x0000019f7a7f5750, 0x0000019f7a2bc240,
0x0000019f7abdc090, 0x0000019f7550f390, 0x0000019f7550ed00, 0x0000019f755100b0,
0x0000019f7c20c180, 0x0000019f7c20a0b0, 0x0000019f7c20baf0, 0x0000019f7c20add0,
0x0000019f7c20c810, 0x0000019f7c20dbc0, 0x0000019f7c20a740, 0x0000019f7c20f600,
0x0000019f7c20e250, 0x0000019f7c20ef70, 0x0000019f7c20fc90, 0x0000019f7c210320,
0x0000019f7e913510, 0x0000019f7e910090, 0x0000019f7e9176b0, 0x0000019f7e914f50,
0x0000019f7c8ac4e0, 0x0000019f7b3c4c10, 0x0000019f7e914230, 0x0000019f7e916990,
0x0000019f7e917020, 0x0000019f7e910db0, 0x0000019f7c8ab130
}

Java Threads: ( => current thread )
  0x0000019f5b37f0a0 JavaThread "main"                              [_thread_blocked, id=34644, stack(0x0000000c5d800000,0x0000000c5d900000) (1024K)]
  0x0000019f73ac83e0 JavaThread "Reference Handler"          daemon [_thread_blocked, id=26360, stack(0x0000000c5dc00000,0x0000000c5dd00000) (1024K)]
  0x0000019f73aca570 JavaThread "Finalizer"                  daemon [_thread_blocked, id=32384, stack(0x0000000c5dd00000,0x0000000c5de00000) (1024K)]
  0x0000019f73ad4d30 JavaThread "Signal Dispatcher"          daemon [_thread_blocked, id=26216, stack(0x0000000c5de00000,0x0000000c5df00000) (1024K)]
=>0x0000019f73ad6a20 JavaThread "Attach Listener"            daemon [_thread_in_vm, id=16560, stack(0x0000000c5df00000,0x0000000c5e000000) (1024K)]
  0x0000019f73ad7480 JavaThread "Service Thread"             daemon [_thread_blocked, id=17328, stack(0x0000000c5e000000,0x0000000c5e100000) (1024K)]
  0x0000019f73ad7ee0 JavaThread "Monitor Deflation Thread"   daemon [_thread_blocked, id=28828, stack(0x0000000c5e100000,0x0000000c5e200000) (1024K)]
  0x0000019f73adac80 JavaThread "C2 CompilerThread0"         daemon [_thread_blocked, id=20256, stack(0x0000000c5e200000,0x0000000c5e300000) (1024K)]
  0x0000019f73afa800 JavaThread "C1 CompilerThread0"         daemon [_thread_blocked, id=7244, stack(0x0000000c5e300000,0x0000000c5e400000) (1024K)]
  0x0000019f756744d0 JavaThread "Common-Cleaner"             daemon [_thread_blocked, id=29352, stack(0x0000000c5e400000,0x0000000c5e500000) (1024K)]
  0x0000019f756db640 JavaThread "Notification Thread"        daemon [_thread_blocked, id=30944, stack(0x0000000c5e500000,0x0000000c5e600000) (1024K)]
  0x0000019f7589b390 JavaThread "Active Thread: Equinox Container: 984f9762-46cc-4de5-88e3-b5aaf19bb808"        [_thread_blocked, id=14136, stack(0x0000000c5e600000,0x0000000c5e700000) (1024K)]
  0x0000019f7a95e390 JavaThread "Refresh Thread: Equinox Container: 984f9762-46cc-4de5-88e3-b5aaf19bb808" daemon [_thread_blocked, id=1100, stack(0x0000000c5ee00000,0x0000000c5ef00000) (1024K)]
  0x0000019f7a9ad2f0 JavaThread "Framework Event Dispatcher: Equinox Container: 984f9762-46cc-4de5-88e3-b5aaf19bb808" daemon [_thread_blocked, id=31112, stack(0x0000000c5ef00000,0x0000000c5f000000) (1024K)]
  0x0000019f7a7f5750 JavaThread "Start Level: Equinox Container: 984f9762-46cc-4de5-88e3-b5aaf19bb808" daemon [_thread_blocked, id=29100, stack(0x0000000c5f000000,0x0000000c5f100000) (1024K)]
  0x0000019f7a2bc240 JavaThread "Bundle File Closer"         daemon [_thread_blocked, id=30200, stack(0x0000000c5f100000,0x0000000c5f200000) (1024K)]
  0x0000019f7abdc090 JavaThread "SCR Component Actor"        daemon [_thread_blocked, id=19868, stack(0x0000000c5d700000,0x0000000c5d800000) (1024K)]
  0x0000019f7550f390 JavaThread "Worker-JM"                         [_thread_blocked, id=9732, stack(0x0000000c5f400000,0x0000000c5f500000) (1024K)]
  0x0000019f7550ed00 JavaThread "JNA Cleaner"                daemon [_thread_blocked, id=12960, stack(0x0000000c5f500000,0x0000000c5f600000) (1024K)]
  0x0000019f755100b0 JavaThread "Java indexing"              daemon [_thread_blocked, id=12888, stack(0x0000000c5f800000,0x0000000c5f900000) (1024K)]
  0x0000019f7c20c180 JavaThread "Thread-1"                   daemon [_thread_in_native, id=25268, stack(0x0000000c5fe00000,0x0000000c5ff00000) (1024K)]
  0x0000019f7c20a0b0 JavaThread "Thread-2"                   daemon [_thread_in_native, id=30640, stack(0x0000000c5ff00000,0x0000000c60000000) (1024K)]
  0x0000019f7c20baf0 JavaThread "Thread-3"                   daemon [_thread_in_native, id=15352, stack(0x0000000c60000000,0x0000000c60100000) (1024K)]
  0x0000019f7c20add0 JavaThread "Thread-4"                   daemon [_thread_in_native, id=26532, stack(0x0000000c60100000,0x0000000c60200000) (1024K)]
  0x0000019f7c20c810 JavaThread "Thread-5"                   daemon [_thread_in_native, id=32008, stack(0x0000000c60200000,0x0000000c60300000) (1024K)]
  0x0000019f7c20dbc0 JavaThread "Thread-6"                   daemon [_thread_in_native, id=32740, stack(0x0000000c60300000,0x0000000c60400000) (1024K)]
  0x0000019f7c20a740 JavaThread "Thread-7"                   daemon [_thread_in_native, id=8280, stack(0x0000000c60400000,0x0000000c60500000) (1024K)]
  0x0000019f7c20f600 JavaThread "Thread-8"                   daemon [_thread_in_native, id=25196, stack(0x0000000c60500000,0x0000000c60600000) (1024K)]
  0x0000019f7c20e250 JavaThread "Thread-9"                   daemon [_thread_in_native, id=13324, stack(0x0000000c60600000,0x0000000c60700000) (1024K)]
  0x0000019f7c20ef70 JavaThread "pool-2-thread-1"                   [_thread_blocked, id=17728, stack(0x0000000c60700000,0x0000000c60800000) (1024K)]
  0x0000019f7c20fc90 JavaThread "WorkspaceEventsHandler"            [_thread_blocked, id=26128, stack(0x0000000c60900000,0x0000000c60a00000) (1024K)]
  0x0000019f7c210320 JavaThread "pool-1-thread-1"                   [_thread_blocked, id=34956, stack(0x0000000c60a00000,0x0000000c60b00000) (1024K)]
  0x0000019f7e913510 JavaThread "Cleaner-0"                  daemon [_thread_blocked, id=2484, stack(0x0000000c61300000,0x0000000c61400000) (1024K)]
  0x0000019f7e910090 JavaThread "Java Debug Server"          daemon [_thread_in_native, id=33548, stack(0x0000000c5f300000,0x0000000c5f400000) (1024K)]
  0x0000019f7e9176b0 JavaThread "RxSchedulerPurge-1"         daemon [_thread_blocked, id=22040, stack(0x0000000c5f200000,0x0000000c5f300000) (1024K)]
  0x0000019f7e914f50 JavaThread "RxCachedWorkerPoolEvictor-1" daemon [_thread_blocked, id=12268, stack(0x0000000c61500000,0x0000000c61600000) (1024K)]
  0x0000019f7c8ac4e0 JavaThread "HttpClient-3-SelectorManager" daemon [_thread_in_native, id=4860, stack(0x0000000c60c00000,0x0000000c60d00000) (1024K)]
  0x0000019f7b3c4c10 JavaThread "Worker-18"                         [_thread_blocked, id=10972, stack(0x0000000c60b00000,0x0000000c60c00000) (1024K)]
  0x0000019f7e914230 JavaThread "pool-4-thread-5"                   [_thread_in_native, id=14696, stack(0x0000000c5fc00000,0x0000000c5fd00000) (1024K)]
  0x0000019f7e916990 JavaThread "RxNewThreadScheduler-13"    daemon [_thread_blocked, id=9420, stack(0x0000000c5fd00000,0x0000000c5fe00000) (1024K)]
  0x0000019f7e917020 JavaThread "process reaper (pid 34904)" daemon [_thread_in_native, id=21060, stack(0x0000000c5d190000,0x0000000c5d1b0000) (128K)]
  0x0000019f7e910db0 JavaThread "ForkJoinPool.commonPool-worker-72" daemon [_thread_blocked, id=9348, stack(0x0000000c5d600000,0x0000000c5d700000) (1024K)]
  0x0000019f7c8ab130 JavaThread "Worker-20"                         [_thread_blocked, id=32160, stack(0x0000000c60f00000,0x0000000c61000000) (1024K)]
Total: 43

Other Threads:
  0x0000019f5b415170 VMThread "VM Thread"                           [id=34920, stack(0x0000000c5db00000,0x0000000c5dc00000) (1024K)]
  0x0000019f739dca00 WatcherThread "VM Periodic Task Thread"        [id=27168, stack(0x0000000c5da00000,0x0000000c5db00000) (1024K)]
  0x0000019f5b397560 WorkerThread "GC Thread#0"                     [id=29176, stack(0x0000000c5d900000,0x0000000c5da00000) (1024K)]
  0x0000019f7a34fbe0 WorkerThread "GC Thread#1"                     [id=32908, stack(0x0000000c5e700000,0x0000000c5e800000) (1024K)]
  0x0000019f7a34f5f0 WorkerThread "GC Thread#2"                     [id=30996, stack(0x0000000c5e800000,0x0000000c5e900000) (1024K)]
  0x0000019f7a3501a0 WorkerThread "GC Thread#3"                     [id=22016, stack(0x0000000c5e900000,0x0000000c5ea00000) (1024K)]
  0x0000019f7a983010 WorkerThread "GC Thread#4"                     [id=34368, stack(0x0000000c5ea00000,0x0000000c5eb00000) (1024K)]
  0x0000019f7a354650 WorkerThread "GC Thread#5"                     [id=14084, stack(0x0000000c5eb00000,0x0000000c5ec00000) (1024K)]
  0x0000019f7a354e10 WorkerThread "GC Thread#6"                     [id=21716, stack(0x0000000c5ec00000,0x0000000c5ed00000) (1024K)]
  0x0000019f7a9c9120 WorkerThread "GC Thread#7"                     [id=27792, stack(0x0000000c5ed00000,0x0000000c5ee00000) (1024K)]
Total: 10

Threads with active compile tasks:
Total: 0

VM state: not at safepoint (normal execution)

VM Mutex/Monitor currently owned by a thread: None

Heap address: 0x0000000080000000, size: 2048 MB, Compressed Oops mode: 32-bit

CDS archive(s) mapped at: [0x0000019f00000000-0x0000019f00ba0000-0x0000019f00ba0000), size 12189696, SharedBaseAddress: 0x0000019f00000000, ArchiveRelocationMode: 1.
Compressed class space mapped at: 0x0000019f01000000-0x0000019f41000000, reserved size: 1073741824
Narrow klass base: 0x0000019f00000000, Narrow klass shift: 0, Narrow klass range: 0x100000000

GC Precious Log:
 CardTable entry size: 512
 CPUs: 8 total, 8 available
 Memory: 8101M
 Large Page Support: Disabled
 NUMA Support: Disabled
 Compressed Oops: Enabled (32-bit)
 Alignments: Space 512K, Generation 512K, Heap 2M
 Heap Min Capacity: 100M
 Heap Initial Capacity: 100M
 Heap Max Capacity: 2G
 Pre-touch: Disabled
 Parallel Workers: 8

Heap:
 PSYoungGen      total 8704K, used 4951K [0x00000000d5580000, 0x00000000d6180000, 0x0000000100000000)
  eden space 8192K, 57% used [0x00000000d5580000,0x00000000d5a1dc00,0x00000000d5d80000)
  from space 512K, 43% used [0x00000000d6100000,0x00000000d6138000,0x00000000d6180000)
  to   space 1024K, 0% used [0x00000000d5f80000,0x00000000d5f80000,0x00000000d6080000)
 ParOldGen       total 1157120K, used 878647K [0x0000000080000000, 0x00000000c6a00000, 0x00000000d5580000)
  object space 1157120K, 75% used [0x0000000080000000,0x00000000b5a0dec8,0x00000000c6a00000)
 Metaspace       used 97070K, committed 98816K, reserved 1179648K
  class space    used 9935K, committed 10752K, reserved 1048576K

Card table byte_map: [0x0000019f6ee40000,0x0000019f6f250000] _byte_map_base: 0x0000019f6ea40000

Marking Bits: (ParMarkBitMap*) 0x00007ffed2b63450
 Begin Bits: [0x0000019f6f500000, 0x0000019f71500000)
 End Bits:   [0x0000019f71500000, 0x0000019f73500000)

Polling page: 0x0000019f5b080000

Metaspace:

Usage:
  Non-class:     85.09 MB used.
      Class:      9.70 MB used.
       Both:     94.80 MB used.

Virtual space:
  Non-class space:      128.00 MB reserved,      86.00 MB ( 67%) committed,  2 nodes.
      Class space:        1.00 GB reserved,      10.50 MB (  1%) committed,  1 nodes.
             Both:        1.12 GB reserved,      96.50 MB (  8%) committed. 

Chunk freelists:
   Non-Class:  9.97 MB
       Class:  5.46 MB
        Both:  15.43 MB

MaxMetaspaceSize: unlimited
CompressedClassSpaceSize: 1.00 GB
Initial GC threshold: 21.00 MB
Current GC threshold: 155.25 MB
CDS: on
 - commit_granule_bytes: 65536.
 - commit_granule_words: 8192.
 - virtual_space_node_default_size: 8388608.
 - enlarge_chunks_in_place: 1.
 - use_allocation_guard: 0.


Internal statistics:

num_allocs_failed_limit: 13.
num_arena_births: 1904.
num_arena_deaths: 446.
num_vsnodes_births: 3.
num_vsnodes_deaths: 0.
num_space_committed: 1544.
num_space_uncommitted: 0.
num_chunks_returned_to_freelist: 532.
num_chunks_taken_from_freelist: 6944.
num_chunk_merges: 138.
num_chunk_splits: 3936.
num_chunks_enlarged: 2110.
num_inconsistent_stats: 0.

CodeHeap 'non-profiled nmethods': size=120000Kb used=24387Kb max_used=24387Kb free=95612Kb
 bounds [0x0000019f67730000, 0x0000019f68f10000, 0x0000019f6ec60000]
CodeHeap 'profiled nmethods': size=120000Kb used=50402Kb max_used=50402Kb free=69597Kb
 bounds [0x0000019f5fc60000, 0x0000019f62da0000, 0x0000019f67190000]
CodeHeap 'non-nmethods': size=5760Kb used=1535Kb max_used=1637Kb free=4224Kb
 bounds [0x0000019f67190000, 0x0000019f67400000, 0x0000019f67730000]
CodeCache: size=245760Kb, used=76324Kb, max_used=76426Kb, free=169433Kb
 total_blobs=21781, nmethods=20919, adapters=763, full_count=0
Compilation: enabled, stopped_count=0, restarted_count=0

Compilation events (20 events):
Event: 81944.212 Thread 0x0000019f73afa800 25126   !   3       org.eclipse.core.internal.resources.SaveManager::executeLifecycle (117 bytes)
Event: 81944.218 Thread 0x0000019f73afa800 nmethod 25126 0x0000019f62d8b490 code [0x0000019f62d8b760, 0x0000019f62d8c338]
Event: 81944.221 Thread 0x0000019f73adac80 25127       4       org.eclipse.jdt.internal.core.JavaModelManager$VariablesAndContainersSaveHelper::saveAttributes (86 bytes)
Event: 81944.228 Thread 0x0000019f73afa800 25128  s    3       org.eclipse.jdt.internal.launching.environments.EnvironmentsManager::initializeExtensions (513 bytes)
Event: 81944.267 Thread 0x0000019f73afa800 nmethod 25128 0x0000019f62d8c790 code [0x0000019f62d8d120, 0x0000019f62d932f0]
Event: 81944.304 Thread 0x0000019f73adac80 nmethod 25127 0x0000019f68efa810 code [0x0000019f68efaac0, 0x0000019f68efb918]
Event: 81944.305 Thread 0x0000019f73adac80 25129       4       java.io.ObjectOutputStream$BlockDataOutputStream::writeBlockHeader (70 bytes)
Event: 81944.326 Thread 0x0000019f73adac80 nmethod 25129 0x0000019f68efc590 code [0x0000019f68efc7e0, 0x0000019f68efcf60]
Event: 81944.326 Thread 0x0000019f73adac80 25130       4       java.io.ObjectOutputStream::defaultWriteObject (54 bytes)
Event: 81944.344 Thread 0x0000019f73afa800 25132       3       java.util.ServiceLoader$ModuleServicesLookupIterator::iteratorFor (191 bytes)
Event: 81944.376 Thread 0x0000019f73afa800 nmethod 25132 0x0000019f62d95190 code [0x0000019f62d95740, 0x0000019f62d98b90]
Event: 81944.380 Thread 0x0000019f73adac80 nmethod 25130 0x0000019f68efd690 code [0x0000019f68efd9c0, 0x0000019f68efedc8]
Event: 81944.381 Thread 0x0000019f73adac80 25131       4       com.sun.org.apache.xerces.internal.util.ParserConfigurationSettings::addRecognizedFeatures (56 bytes)
Event: 81944.404 Thread 0x0000019f73adac80 nmethod 25131 0x0000019f68effe10 code [0x0000019f68f00000, 0x0000019f68f00930]
Event: 81944.531 Thread 0x0000019f73afa800 25133       3       org.eclipse.core.internal.resources.ModelObject::<init> (10 bytes)
Event: 81944.531 Thread 0x0000019f73afa800 nmethod 25133 0x0000019f62d99e10 code [0x0000019f62d99fc0, 0x0000019f62d9a1e8]
Event: 81944.577 Thread 0x0000019f73afa800 25134       3       com.sun.org.apache.xerces.internal.impl.XMLErrorReporter::getMessageFormatter (14 bytes)
Event: 81944.579 Thread 0x0000019f73afa800 nmethod 25134 0x0000019f62d9a310 code [0x0000019f62d9a4c0, 0x0000019f62d9a7a0]
Event: 81989.826 Thread 0x0000019f73afa800 25135       3       jdk.internal.misc.TerminatingThreadLocal::_threadTerminated (9 bytes)
Event: 81989.827 Thread 0x0000019f73afa800 nmethod 25135 0x0000019f62d9a890 code [0x0000019f62d9aa60, 0x0000019f62d9ae30]

GC Heap History (20 events):
Event: 81892.807 GC heap before
{Heap before GC invocations=2228 (full 5):
 PSYoungGen      total 9216K, used 8820K [0x00000000d5580000, 0x00000000d6300000, 0x0000000100000000)
  eden space 8192K, 100% used [0x00000000d5580000,0x00000000d5d80000,0x00000000d5d80000)
  from space 1024K, 61% used [0x00000000d6200000,0x00000000d629d200,0x00000000d6300000)
  to   space 1024K, 0% used [0x00000000d6100000,0x00000000d6100000,0x00000000d6200000)
 ParOldGen       total 1157120K, used 874631K [0x0000000080000000, 0x00000000c6a00000, 0x00000000d5580000)
  object space 1157120K, 75% used [0x0000000080000000,0x00000000b5621ef8,0x00000000c6a00000)
 Metaspace       used 97037K, committed 98816K, reserved 1179648K
  class space    used 9935K, committed 10752K, reserved 1048576K
}
Event: 81892.810 GC heap after
{Heap after GC invocations=2228 (full 5):
 PSYoungGen      total 9216K, used 890K [0x00000000d5580000, 0x00000000d6280000, 0x0000000100000000)
  eden space 8192K, 0% used [0x00000000d5580000,0x00000000d5580000,0x00000000d5d80000)
  from space 1024K, 86% used [0x00000000d6100000,0x00000000d61de900,0x00000000d6200000)
  to   space 512K, 0% used [0x00000000d6200000,0x00000000d6200000,0x00000000d6280000)
 ParOldGen       total 1157120K, used 874631K [0x0000000080000000, 0x00000000c6a00000, 0x00000000d5580000)
  object space 1157120K, 75% used [0x0000000080000000,0x00000000b5621ef8,0x00000000c6a00000)
 Metaspace       used 97037K, committed 98816K, reserved 1179648K
  class space    used 9935K, committed 10752K, reserved 1048576K
}
Event: 81893.214 GC heap before
{Heap before GC invocations=2229 (full 5):
 PSYoungGen      total 9216K, used 9082K [0x00000000d5580000, 0x00000000d6280000, 0x0000000100000000)
  eden space 8192K, 100% used [0x00000000d5580000,0x00000000d5d80000,0x00000000d5d80000)
  from space 1024K, 86% used [0x00000000d6100000,0x00000000d61de900,0x00000000d6200000)
  to   space 512K, 0% used [0x00000000d6200000,0x00000000d6200000,0x00000000d6280000)
 ParOldGen       total 1157120K, used 874631K [0x0000000080000000, 0x00000000c6a00000, 0x00000000d5580000)
  object space 1157120K, 75% used [0x0000000080000000,0x00000000b5621ef8,0x00000000c6a00000)
 Metaspace       used 97041K, committed 98816K, reserved 1179648K
  class space    used 9935K, committed 10752K, reserved 1048576K
}
Event: 81893.224 GC heap after
{Heap after GC invocations=2229 (full 5):
 PSYoungGen      total 8704K, used 500K [0x00000000d5580000, 0x00000000d6280000, 0x0000000100000000)
  eden space 8192K, 0% used [0x00000000d5580000,0x00000000d5580000,0x00000000d5d80000)
  from space 512K, 97% used [0x00000000d6200000,0x00000000d627d200,0x00000000d6280000)
  to   space 2048K, 0% used [0x00000000d5e80000,0x00000000d5e80000,0x00000000d6080000)
 ParOldGen       total 1157120K, used 875780K [0x0000000080000000, 0x00000000c6a00000, 0x00000000d5580000)
  object space 1157120K, 75% used [0x0000000080000000,0x00000000b57412f8,0x00000000c6a00000)
 Metaspace       used 97041K, committed 98816K, reserved 1179648K
  class space    used 9935K, committed 10752K, reserved 1048576K
}
Event: 81893.282 GC heap before
{Heap before GC invocations=2230 (full 5):
 PSYoungGen      total 8704K, used 8692K [0x00000000d5580000, 0x00000000d6280000, 0x0000000100000000)
  eden space 8192K, 100% used [0x00000000d5580000,0x00000000d5d80000,0x00000000d5d80000)
  from space 512K, 97% used [0x00000000d6200000,0x00000000d627d200,0x00000000d6280000)
  to   space 2048K, 0% used [0x00000000d5e80000,0x00000000d5e80000,0x00000000d6080000)
 ParOldGen       total 1157120K, used 875780K [0x0000000080000000, 0x00000000c6a00000, 0x00000000d5580000)
  object space 1157120K, 75% used [0x0000000080000000,0x00000000b57412f8,0x00000000c6a00000)
 Metaspace       used 97044K, committed 98816K, reserved 1179648K
  class space    used 9935K, committed 10752K, reserved 1048576K
}
Event: 81893.289 GC heap after
{Heap after GC invocations=2230 (full 5):
 PSYoungGen      total 10240K, used 436K [0x00000000d5580000, 0x00000000d6280000, 0x0000000100000000)
  eden space 8192K, 0% used [0x00000000d5580000,0x00000000d5580000,0x00000000d5d80000)
  from space 2048K, 21% used [0x00000000d5e80000,0x00000000d5eed200,0x00000000d6080000)
  to   space 1024K, 0% used [0x00000000d6180000,0x00000000d6180000,0x00000000d6280000)
 ParOldGen       total 1157120K, used 876289K [0x0000000080000000, 0x00000000c6a00000, 0x00000000d5580000)
  object space 1157120K, 75% used [0x0000000080000000,0x00000000b57c04f8,0x00000000c6a00000)
 Metaspace       used 97044K, committed 98816K, reserved 1179648K
  class space    used 9935K, committed 10752K, reserved 1048576K
}
Event: 81893.621 GC heap before
{Heap before GC invocations=2231 (full 5):
 PSYoungGen      total 10240K, used 8628K [0x00000000d5580000, 0x00000000d6280000, 0x0000000100000000)
  eden space 8192K, 100% used [0x00000000d5580000,0x00000000d5d80000,0x00000000d5d80000)
  from space 2048K, 21% used [0x00000000d5e80000,0x00000000d5eed200,0x00000000d6080000)
  to   space 1024K, 0% used [0x00000000d6180000,0x00000000d6180000,0x00000000d6280000)
 ParOldGen       total 1157120K, used 876289K [0x0000000080000000, 0x00000000c6a00000, 0x00000000d5580000)
  object space 1157120K, 75% used [0x0000000080000000,0x00000000b57c04f8,0x00000000c6a00000)
 Metaspace       used 97045K, committed 98816K, reserved 1179648K
  class space    used 9935K, committed 10752K, reserved 1048576K
}
Event: 81893.626 GC heap after
{Heap after GC invocations=2231 (full 5):
 PSYoungGen      total 8704K, used 314K [0x00000000d5580000, 0x00000000d6200000, 0x0000000100000000)
  eden space 8192K, 0% used [0x00000000d5580000,0x00000000d5580000,0x00000000d5d80000)
  from space 512K, 61% used [0x00000000d6180000,0x00000000d61ce900,0x00000000d6200000)
  to   space 512K, 0% used [0x00000000d6100000,0x00000000d6100000,0x00000000d6180000)
 ParOldGen       total 1157120K, used 876537K [0x0000000080000000, 0x00000000c6a00000, 0x00000000d5580000)
  object space 1157120K, 75% used [0x0000000080000000,0x00000000b57fe6d8,0x00000000c6a00000)
 Metaspace       used 97045K, committed 98816K, reserved 1179648K
  class space    used 9935K, committed 10752K, reserved 1048576K
}
Event: 81894.503 GC heap before
{Heap before GC invocations=2232 (full 5):
 PSYoungGen      total 8704K, used 8480K [0x00000000d5580000, 0x00000000d6200000, 0x0000000100000000)
  eden space 8192K, 99% used [0x00000000d5580000,0x00000000d5d797b0,0x00000000d5d80000)
  from space 512K, 61% used [0x00000000d6180000,0x00000000d61ce900,0x00000000d6200000)
  to   space 512K, 0% used [0x00000000d6100000,0x00000000d6100000,0x00000000d6180000)
 ParOldGen       total 1157120K, used 876537K [0x0000000080000000, 0x00000000c6a00000, 0x00000000d5580000)
  object space 1157120K, 75% used [0x0000000080000000,0x00000000b57fe6d8,0x00000000c6a00000)
 Metaspace       used 97045K, committed 98816K, reserved 1179648K
  class space    used 9935K, committed 10752K, reserved 1048576K
}
Event: 81894.505 GC heap after
{Heap after GC invocations=2232 (full 5):
 PSYoungGen      total 8704K, used 282K [0x00000000d5580000, 0x00000000d6200000, 0x0000000100000000)
  eden space 8192K, 0% used [0x00000000d5580000,0x00000000d5580000,0x00000000d5d80000)
  from space 512K, 55% used [0x00000000d6100000,0x00000000d6146900,0x00000000d6180000)
  to   space 512K, 0% used [0x00000000d6180000,0x00000000d6180000,0x00000000d6200000)
 ParOldGen       total 1157120K, used 876561K [0x0000000080000000, 0x00000000c6a00000, 0x00000000d5580000)
  object space 1157120K, 75% used [0x0000000080000000,0x00000000b58046d8,0x00000000c6a00000)
 Metaspace       used 97045K, committed 98816K, reserved 1179648K
  class space    used 9935K, committed 10752K, reserved 1048576K
}
Event: 81894.905 GC heap before
{Heap before GC invocations=2233 (full 5):
 PSYoungGen      total 8704K, used 8474K [0x00000000d5580000, 0x00000000d6200000, 0x0000000100000000)
  eden space 8192K, 100% used [0x00000000d5580000,0x00000000d5d80000,0x00000000d5d80000)
  from space 512K, 55% used [0x00000000d6100000,0x00000000d6146900,0x00000000d6180000)
  to   space 512K, 0% used [0x00000000d6180000,0x00000000d6180000,0x00000000d6200000)
 ParOldGen       total 1157120K, used 876561K [0x0000000080000000, 0x00000000c6a00000, 0x00000000d5580000)
  object space 1157120K, 75% used [0x0000000080000000,0x00000000b58046d8,0x00000000c6a00000)
 Metaspace       used 97045K, committed 98816K, reserved 1179648K
  class space    used 9935K, committed 10752K, reserved 1048576K
}
Event: 81894.910 GC heap after
{Heap after GC invocations=2233 (full 5):
 PSYoungGen      total 8704K, used 500K [0x00000000d5580000, 0x00000000d6200000, 0x0000000100000000)
  eden space 8192K, 0% used [0x00000000d5580000,0x00000000d5580000,0x00000000d5d80000)
  from space 512K, 97% used [0x00000000d6180000,0x00000000d61fd200,0x00000000d6200000)
  to   space 1536K, 0% used [0x00000000d5f00000,0x00000000d5f00000,0x00000000d6080000)
 ParOldGen       total 1157120K, used 877142K [0x0000000080000000, 0x00000000c6a00000, 0x00000000d5580000)
  object space 1157120K, 75% used [0x0000000080000000,0x00000000b5895ac8,0x00000000c6a00000)
 Metaspace       used 97045K, committed 98816K, reserved 1179648K
  class space    used 9935K, committed 10752K, reserved 1048576K
}
Event: 81894.942 GC heap before
{Heap before GC invocations=2234 (full 5):
 PSYoungGen      total 8704K, used 8692K [0x00000000d5580000, 0x00000000d6200000, 0x0000000100000000)
  eden space 8192K, 100% used [0x00000000d5580000,0x00000000d5d80000,0x00000000d5d80000)
  from space 512K, 97% used [0x00000000d6180000,0x00000000d61fd200,0x00000000d6200000)
  to   space 1536K, 0% used [0x00000000d5f00000,0x00000000d5f00000,0x00000000d6080000)
 ParOldGen       total 1157120K, used 877142K [0x0000000080000000, 0x00000000c6a00000, 0x00000000d5580000)
  object space 1157120K, 75% used [0x0000000080000000,0x00000000b5895ac8,0x00000000c6a00000)
 Metaspace       used 97045K, committed 98816K, reserved 1179648K
  class space    used 9935K, committed 10752K, reserved 1048576K
}
Event: 81894.946 GC heap after
{Heap after GC invocations=2234 (full 5):
 PSYoungGen      total 9728K, used 570K [0x00000000d5580000, 0x00000000d6200000, 0x0000000100000000)
  eden space 8192K, 0% used [0x00000000d5580000,0x00000000d5580000,0x00000000d5d80000)
  from space 1536K, 37% used [0x00000000d5f00000,0x00000000d5f8e900,0x00000000d6080000)
  to   space 1024K, 0% used [0x00000000d6100000,0x00000000d6100000,0x00000000d6200000)
 ParOldGen       total 1157120K, used 877586K [0x0000000080000000, 0x00000000c6a00000, 0x00000000d5580000)
  object space 1157120K, 75% used [0x0000000080000000,0x00000000b5904ad8,0x00000000c6a00000)
 Metaspace       used 97045K, committed 98816K, reserved 1179648K
  class space    used 9935K, committed 10752K, reserved 1048576K
}
Event: 81898.093 GC heap before
{Heap before GC invocations=2235 (full 5):
 PSYoungGen      total 9728K, used 8762K [0x00000000d5580000, 0x00000000d6200000, 0x0000000100000000)
  eden space 8192K, 100% used [0x00000000d5580000,0x00000000d5d80000,0x00000000d5d80000)
  from space 1536K, 37% used [0x00000000d5f00000,0x00000000d5f8e900,0x00000000d6080000)
  to   space 1024K, 0% used [0x00000000d6100000,0x00000000d6100000,0x00000000d6200000)
 ParOldGen       total 1157120K, used 877586K [0x0000000080000000, 0x00000000c6a00000, 0x00000000d5580000)
  object space 1157120K, 75% used [0x0000000080000000,0x00000000b5904ad8,0x00000000c6a00000)
 Metaspace       used 97046K, committed 98816K, reserved 1179648K
  class space    used 9935K, committed 10752K, reserved 1048576K
}
Event: 81898.096 GC heap after
{Heap after GC invocations=2235 (full 5):
 PSYoungGen      total 9216K, used 656K [0x00000000d5580000, 0x00000000d6200000, 0x0000000100000000)
  eden space 8192K, 0% used [0x00000000d5580000,0x00000000d5580000,0x00000000d5d80000)
  from space 1024K, 64% used [0x00000000d6100000,0x00000000d61a4010,0x00000000d6200000)
  to   space 1024K, 0% used [0x00000000d6000000,0x00000000d6000000,0x00000000d6100000)
 ParOldGen       total 1157120K, used 877618K [0x0000000080000000, 0x00000000c6a00000, 0x00000000d5580000)
  object space 1157120K, 75% used [0x0000000080000000,0x00000000b590cad8,0x00000000c6a00000)
 Metaspace       used 97046K, committed 98816K, reserved 1179648K
  class space    used 9935K, committed 10752K, reserved 1048576K
}
Event: 81898.491 GC heap before
{Heap before GC invocations=2236 (full 5):
 PSYoungGen      total 9216K, used 8848K [0x00000000d5580000, 0x00000000d6200000, 0x0000000100000000)
  eden space 8192K, 100% used [0x00000000d5580000,0x00000000d5d80000,0x00000000d5d80000)
  from space 1024K, 64% used [0x00000000d6100000,0x00000000d61a4010,0x00000000d6200000)
  to   space 1024K, 0% used [0x00000000d6000000,0x00000000d6000000,0x00000000d6100000)
 ParOldGen       total 1157120K, used 877618K [0x0000000080000000, 0x00000000c6a00000, 0x00000000d5580000)
  object space 1157120K, 75% used [0x0000000080000000,0x00000000b590cad8,0x00000000c6a00000)
 Metaspace       used 97063K, committed 98816K, reserved 1179648K
  class space    used 9935K, committed 10752K, reserved 1048576K
}
Event: 81898.497 GC heap after
{Heap after GC invocations=2236 (full 5):
 PSYoungGen      total 9216K, used 996K [0x00000000d5580000, 0x00000000d6180000, 0x0000000100000000)
  eden space 8192K, 0% used [0x00000000d5580000,0x00000000d5580000,0x00000000d5d80000)
  from space 1024K, 97% used [0x00000000d6000000,0x00000000d60f9210,0x00000000d6100000)
  to   space 512K, 0% used [0x00000000d6100000,0x00000000d6100000,0x00000000d6180000)
 ParOldGen       total 1157120K, used 878159K [0x0000000080000000, 0x00000000c6a00000, 0x00000000d5580000)
  object space 1157120K, 75% used [0x0000000080000000,0x00000000b5993ce8,0x00000000c6a00000)
 Metaspace       used 97063K, committed 98816K, reserved 1179648K
  class space    used 9935K, committed 10752K, reserved 1048576K
}
Event: 81898.792 GC heap before
{Heap before GC invocations=2237 (full 5):
 PSYoungGen      total 9216K, used 9188K [0x00000000d5580000, 0x00000000d6180000, 0x0000000100000000)
  eden space 8192K, 100% used [0x00000000d5580000,0x00000000d5d80000,0x00000000d5d80000)
  from space 1024K, 97% used [0x00000000d6000000,0x00000000d60f9210,0x00000000d6100000)
  to   space 512K, 0% used [0x00000000d6100000,0x00000000d6100000,0x00000000d6180000)
 ParOldGen       total 1157120K, used 878159K [0x0000000080000000, 0x00000000c6a00000, 0x00000000d5580000)
  object space 1157120K, 75% used [0x0000000080000000,0x00000000b5993ce8,0x00000000c6a00000)
 Metaspace       used 97063K, committed 98816K, reserved 1179648K
  class space    used 9935K, committed 10752K, reserved 1048576K
}
Event: 81898.799 GC heap after
{Heap after GC invocations=2237 (full 5):
 PSYoungGen      total 8704K, used 224K [0x00000000d5580000, 0x00000000d6180000, 0x0000000100000000)
  eden space 8192K, 0% used [0x00000000d5580000,0x00000000d5580000,0x00000000d5d80000)
  from space 512K, 43% used [0x00000000d6100000,0x00000000d6138000,0x00000000d6180000)
  to   space 1024K, 0% used [0x00000000d5f80000,0x00000000d5f80000,0x00000000d6080000)
 ParOldGen       total 1157120K, used 878647K [0x0000000080000000, 0x00000000c6a00000, 0x00000000d5580000)
  object space 1157120K, 75% used [0x0000000080000000,0x00000000b5a0dec8,0x00000000c6a00000)
 Metaspace       used 97063K, committed 98816K, reserved 1179648K
  class space    used 9935K, committed 10752K, reserved 1048576K
}

Dll operation events (12 events):
Event: 0.447 Loaded shared library c:\Users\Alison FB\.vscode\extensions\redhat.java-1.54.0-win32-x64\jre\21.0.10-win32-x86_64\bin\java.dll
Event: 0.720 Loaded shared library c:\Users\Alison FB\.vscode\extensions\redhat.java-1.54.0-win32-x64\jre\21.0.10-win32-x86_64\bin\zip.dll
Event: 0.768 Loaded shared library C:\Users\Alison FB\.vscode\extensions\redhat.java-1.54.0-win32-x64\jre\21.0.10-win32-x86_64\bin\instrument.dll
Event: 0.910 Loaded shared library C:\Users\Alison FB\.vscode\extensions\redhat.java-1.54.0-win32-x64\jre\21.0.10-win32-x86_64\bin\net.dll
Event: 1.017 Loaded shared library C:\Users\Alison FB\.vscode\extensions\redhat.java-1.54.0-win32-x64\jre\21.0.10-win32-x86_64\bin\nio.dll
Event: 1.024 Loaded shared library C:\Users\Alison FB\.vscode\extensions\redhat.java-1.54.0-win32-x64\jre\21.0.10-win32-x86_64\bin\zip.dll
Event: 1.066 Loaded shared library C:\Users\Alison FB\.vscode\extensions\redhat.java-1.54.0-win32-x64\jre\21.0.10-win32-x86_64\bin\jimage.dll
Event: 1.326 Loaded shared library c:\Users\Alison FB\.vscode\extensions\redhat.java-1.54.0-win32-x64\jre\21.0.10-win32-x86_64\bin\verify.dll
Event: 14.091 Loaded shared library C:\Users\Alison FB\AppData\Roaming\Code\User\globalStorage\redhat.java\1.54.0\config_win\org.eclipse.equinox.launcher\org.eclipse.equinox.launcher.win32.win32.x86_64_1.3.0.v20260203-2149\eclipse_11919.dll
Event: 33.026 Loaded shared library C:\Users\Alison FB\AppData\Local\Temp\jna--178688760\jna16681988635996164321.dll
Event: 34.960 Loaded shared library C:\Users\Alison FB\.vscode\extensions\redhat.java-1.54.0-win32-x64\jre\21.0.10-win32-x86_64\bin\sunmscapi.dll
Event: 35.627 Loaded shared library C:\Users\Alison FB\.vscode\extensions\redhat.java-1.54.0-win32-x64\jre\21.0.10-win32-x86_64\bin\extnet.dll

Deoptimization events (20 events):
Event: 81683.717 Thread 0x0000019f7b3bf030 DEOPT PACKING pc=0x0000019f68e93800 sp=0x0000000c60dfec70
Event: 81683.717 Thread 0x0000019f7b3bf030 DEOPT UNPACKING pc=0x0000019f671e3aa2 sp=0x0000000c60dfebf8 mode 2
Event: 81687.755 Thread 0x0000019f7b3c1100 Uncommon trap: trap_request=0xffffffc6 fr.pc=0x0000019f6801a4dc relative=0x0000000000000a1c
Event: 81687.755 Thread 0x0000019f7b3c1100 Uncommon trap: reason=bimorphic_or_optimized_type_check action=maybe_recompile pc=0x0000019f6801a4dc method=java.util.Hashtable.putAll(Ljava/util/Map;)V @ 22 c2
Event: 81687.755 Thread 0x0000019f7b3c1100 DEOPT PACKING pc=0x0000019f6801a4dc sp=0x0000000c5f9fec20
Event: 81687.755 Thread 0x0000019f7b3c1100 DEOPT UNPACKING pc=0x0000019f671e3aa2 sp=0x0000000c5f9febf0 mode 2
Event: 81688.029 Thread 0x0000019f7b3c1100 DEOPT PACKING pc=0x0000019f602bf72f sp=0x0000000c5f9fec90
Event: 81688.029 Thread 0x0000019f7b3c1100 DEOPT UNPACKING pc=0x0000019f671e4242 sp=0x0000000c5f9fe190 mode 0
Event: 81691.508 Thread 0x0000019f7b3bf030 Uncommon trap: trap_request=0xffffff6e fr.pc=0x0000019f68eb952c relative=0x000000000000024c
Event: 81691.508 Thread 0x0000019f7b3bf030 Uncommon trap: reason=loop_limit_check action=maybe_recompile pc=0x0000019f68eb952c method=org.eclipse.jdt.internal.compiler.lookup.MethodScope.recordInitializationStates(Lorg/eclipse/jdt/internal/compiler/flow/FlowInfo;)I @ 144 c2
Event: 81691.508 Thread 0x0000019f7b3bf030 DEOPT PACKING pc=0x0000019f68eb952c sp=0x0000000c60dfe640
Event: 81691.508 Thread 0x0000019f7b3bf030 DEOPT UNPACKING pc=0x0000019f671e3aa2 sp=0x0000000c60dfe5a0 mode 2
Event: 81693.025 Thread 0x0000019f7e910720 Uncommon trap: trap_request=0xffffff5c fr.pc=0x0000019f68e95ab8 relative=0x0000000000000238
Event: 81693.025 Thread 0x0000019f7e910720 Uncommon trap: reason=speculate_null_check action=make_not_entrant pc=0x0000019f68e95ab8 method=org.eclipse.jdt.internal.corext.fix.VariableDeclarationFixCore.canAddFinal(Lorg/eclipse/jdt/core/dom/IBinding;Lorg/eclipse/jdt/core/dom/ASTNode;)Z @ 57 c2
Event: 81693.025 Thread 0x0000019f7e910720 DEOPT PACKING pc=0x0000019f68e95ab8 sp=0x0000000c5d5fe950
Event: 81693.025 Thread 0x0000019f7e910720 DEOPT UNPACKING pc=0x0000019f671e3aa2 sp=0x0000000c5d5fe8c8 mode 2
Event: 81763.547 Thread 0x0000019f7e910720 Uncommon trap: trap_request=0xffffffc6 fr.pc=0x0000019f6801a4dc relative=0x0000000000000a1c
Event: 81763.547 Thread 0x0000019f7e910720 Uncommon trap: reason=bimorphic_or_optimized_type_check action=maybe_recompile pc=0x0000019f6801a4dc method=java.util.Hashtable.putAll(Ljava/util/Map;)V @ 22 c2
Event: 81763.547 Thread 0x0000019f7e910720 DEOPT PACKING pc=0x0000019f6801a4dc sp=0x0000000c5d5ff150
Event: 81763.548 Thread 0x0000019f7e910720 DEOPT UNPACKING pc=0x0000019f671e3aa2 sp=0x0000000c5d5ff120 mode 2

Classes loaded (20 events):
Event: 30855.337 Loading class java/nio/HeapByteBufferR
Event: 30855.337 Loading class java/nio/HeapByteBufferR done
Event: 36343.293 Loading class jdk/internal/module/IllegalAccessLogger
Event: 36343.296 Loading class jdk/internal/module/IllegalAccessLogger done
Event: 37203.562 Loading class jdk/internal/module/IllegalAccessLogger
Event: 37203.563 Loading class jdk/internal/module/IllegalAccessLogger done
Event: 37229.388 Loading class jdk/internal/module/IllegalAccessLogger
Event: 37229.388 Loading class jdk/internal/module/IllegalAccessLogger done
Event: 38553.312 Loading class jdk/internal/module/IllegalAccessLogger
Event: 38553.312 Loading class jdk/internal/module/IllegalAccessLogger done
Event: 81651.677 Loading class jdk/internal/module/IllegalAccessLogger
Event: 81651.679 Loading class jdk/internal/module/IllegalAccessLogger done
Event: 81684.439 Loading class jdk/internal/module/IllegalAccessLogger
Event: 81684.439 Loading class jdk/internal/module/IllegalAccessLogger done
Event: 81689.909 Loading class jdk/internal/module/IllegalAccessLogger
Event: 81689.910 Loading class jdk/internal/module/IllegalAccessLogger done
Event: 81761.958 Loading class jdk/internal/module/IllegalAccessLogger
Event: 81761.958 Loading class jdk/internal/module/IllegalAccessLogger done
Event: 81764.883 Loading class jdk/internal/module/IllegalAccessLogger
Event: 81764.883 Loading class jdk/internal/module/IllegalAccessLogger done

Classes unloaded (20 events):
Event: 30834.392 Thread 0x0000019f5b415170 Unloading class 0x0000019f0101ec00 'java/lang/invoke/LambdaForm$MH+0x0000019f0101ec00'
Event: 30834.392 Thread 0x0000019f5b415170 Unloading class 0x0000019f01018800 'java/lang/invoke/LambdaForm$MH+0x0000019f01018800'
Event: 30834.392 Thread 0x0000019f5b415170 Unloading class 0x0000019f0100d800 'java/lang/invoke/LambdaForm$MH+0x0000019f0100d800'
Event: 30834.392 Thread 0x0000019f5b415170 Unloading class 0x0000019f0100d400 'java/lang/invoke/LambdaForm$MH+0x0000019f0100d400'
Event: 30834.392 Thread 0x0000019f5b415170 Unloading class 0x0000019f0100d000 'java/lang/invoke/LambdaForm$MH+0x0000019f0100d000'
Event: 30834.392 Thread 0x0000019f5b415170 Unloading class 0x0000019f0100cc00 'java/lang/invoke/LambdaForm$MH+0x0000019f0100cc00'
Event: 30834.392 Thread 0x0000019f5b415170 Unloading class 0x0000019f0100c800 'java/lang/invoke/LambdaForm$BMH+0x0000019f0100c800'
Event: 30834.392 Thread 0x0000019f5b415170 Unloading class 0x0000019f0100c000 'java/lang/invoke/LambdaForm$DMH+0x0000019f0100c000'
Event: 30834.392 Thread 0x0000019f5b415170 Unloading class 0x0000019f01008c00 'java/lang/invoke/LambdaForm$MH+0x0000019f01008c00'
Event: 30834.392 Thread 0x0000019f5b415170 Unloading class 0x0000019f01008800 'java/lang/invoke/LambdaForm$MH+0x0000019f01008800'
Event: 30834.392 Thread 0x0000019f5b415170 Unloading class 0x0000019f01008400 'java/lang/invoke/LambdaForm$MH+0x0000019f01008400'
Event: 30834.392 Thread 0x0000019f5b415170 Unloading class 0x0000019f01007000 'java/lang/invoke/LambdaForm$MH+0x0000019f01007000'
Event: 30834.393 Thread 0x0000019f5b415170 Unloading class 0x0000019f01006c00 'java/lang/invoke/LambdaForm$MH+0x0000019f01006c00'
Event: 30834.393 Thread 0x0000019f5b415170 Unloading class 0x0000019f01006800 'java/lang/invoke/LambdaForm$MH+0x0000019f01006800'
Event: 30834.393 Thread 0x0000019f5b415170 Unloading class 0x0000019f01006400 'java/lang/invoke/LambdaForm$MH+0x0000019f01006400'
Event: 30834.393 Thread 0x0000019f5b415170 Unloading class 0x0000019f01005c00 'java/lang/invoke/LambdaForm$BMH+0x0000019f01005c00'
Event: 30834.393 Thread 0x0000019f5b415170 Unloading class 0x0000019f01004800 'java/lang/invoke/LambdaForm$DMH+0x0000019f01004800'
Event: 30834.393 Thread 0x0000019f5b415170 Unloading class 0x0000019f01002400 'java/lang/invoke/LambdaForm$MH+0x0000019f01002400'
Event: 30834.393 Thread 0x0000019f5b415170 Unloading class 0x0000019f01002000 'java/lang/invoke/LambdaForm$MH+0x0000019f01002000'
Event: 30834.393 Thread 0x0000019f5b415170 Unloading class 0x0000019f01001800 'java/lang/invoke/LambdaForm$MH+0x0000019f01001800'

Classes redefined (0 events):
No events

Internal exceptions (20 events):
Event: 80695.155 Thread 0x0000019f7c8aec40 Exception <a 'sun/nio/fs/WindowsException'{0x00000000d5907d48}> (0x00000000d5907d48) 
thrown [s\src\hotspot\share\prims\jni.cpp, line 520]
Event: 80695.340 Thread 0x0000019f7c8aec40 Exception <a 'sun/nio/fs/WindowsException'{0x00000000d5928080}> (0x00000000d5928080) 
thrown [s\src\hotspot\share\prims\jni.cpp, line 520]
Event: 80695.342 Thread 0x0000019f7c8aec40 Exception <a 'sun/nio/fs/WindowsException'{0x00000000d5928e38}> (0x00000000d5928e38) 
thrown [s\src\hotspot\share\prims\jni.cpp, line 520]
Event: 80696.450 Thread 0x0000019f7e916990 Exception <a 'sun/nio/fs/WindowsException'{0x00000000d5e7dc58}> (0x00000000d5e7dc58) 
thrown [s\src\hotspot\share\prims\jni.cpp, line 520]
Event: 80696.450 Thread 0x0000019f7e916990 Exception <a 'sun/nio/fs/WindowsException'{0x00000000d5e7e2e0}> (0x00000000d5e7e2e0) 
thrown [s\src\hotspot\share\prims\jni.cpp, line 520]
Event: 81644.176 Thread 0x0000019f755100b0 Exception <a 'sun/nio/fs/WindowsException'{0x00000000d5c8bd08}> (0x00000000d5c8bd08) 
thrown [s\src\hotspot\share\prims\jni.cpp, line 520]
Event: 81644.227 Thread 0x0000019f755100b0 Exception <a 'sun/nio/fs/WindowsException'{0x00000000d57e9638}> (0x00000000d57e9638) 
thrown [s\src\hotspot\share\prims\jni.cpp, line 520]
Event: 81646.490 Thread 0x0000019f7c210320 Exception <a 'java/lang/IncompatibleClassChangeError'{0x00000000d59b9330}: Found class java.lang.Object, but interface was expected> (0x00000000d59b9330) 
thrown [s\src\hotspot\share\interpreter\linkResolver.cpp, line 840]
Event: 81649.888 Thread 0x0000019f755100b0 Exception <a 'sun/nio/fs/WindowsException'{0x00000000d5b14f20}> (0x00000000d5b14f20) 
thrown [s\src\hotspot\share\prims\jni.cpp, line 520]
Event: 81649.900 Thread 0x0000019f755100b0 Exception <a 'sun/nio/fs/WindowsException'{0x00000000d5b2f278}> (0x00000000d5b2f278) 
thrown [s\src\hotspot\share\prims\jni.cpp, line 520]
Event: 81684.287 Thread 0x0000019f755100b0 Exception <a 'sun/nio/fs/WindowsException'{0x00000000d59a41e8}> (0x00000000d59a41e8) 
thrown [s\src\hotspot\share\prims\jni.cpp, line 520]
Event: 81684.300 Thread 0x0000019f755100b0 Exception <a 'sun/nio/fs/WindowsException'{0x00000000d5a565e8}> (0x00000000d5a565e8) 
thrown [s\src\hotspot\share\prims\jni.cpp, line 520]
Event: 81689.650 Thread 0x0000019f755100b0 Exception <a 'sun/nio/fs/WindowsException'{0x00000000d5c532a0}> (0x00000000d5c532a0) 
thrown [s\src\hotspot\share\prims\jni.cpp, line 520]
Event: 81689.812 Thread 0x0000019f755100b0 Exception <a 'sun/nio/fs/WindowsException'{0x00000000d56f29c0}> (0x00000000d56f29c0) 
thrown [s\src\hotspot\share\prims\jni.cpp, line 520]
Event: 81761.754 Thread 0x0000019f755100b0 Exception <a 'sun/nio/fs/WindowsException'{0x00000000d5c09458}> (0x00000000d5c09458) 
thrown [s\src\hotspot\share\prims\jni.cpp, line 520]
Event: 81761.785 Thread 0x0000019f755100b0 Exception <a 'sun/nio/fs/WindowsException'{0x00000000d5cacdf8}> (0x00000000d5cacdf8) 
thrown [s\src\hotspot\share\prims\jni.cpp, line 520]
Event: 81764.738 Thread 0x0000019f755100b0 Exception <a 'sun/nio/fs/WindowsException'{0x00000000d5ac05d8}> (0x00000000d5ac05d8) 
thrown [s\src\hotspot\share\prims\jni.cpp, line 520]
Event: 81764.757 Thread 0x0000019f755100b0 Exception <a 'sun/nio/fs/WindowsException'{0x00000000d5b2b488}> (0x00000000d5b2b488) 
thrown [s\src\hotspot\share\prims\jni.cpp, line 520]
Event: 81944.240 Thread 0x0000019f7c8ab130 Exception <a 'sun/nio/fs/WindowsException'{0x00000000d57f0ac0}> (0x00000000d57f0ac0) 
thrown [s\src\hotspot\share\prims\jni.cpp, line 520]
Event: 81944.245 Thread 0x0000019f7c8ab130 Exception <a 'sun/nio/fs/WindowsException'{0x00000000d57f15e8}> (0x00000000d57f15e8) 
thrown [s\src\hotspot\share\prims\jni.cpp, line 520]

ZGC Phase Switch (0 events):
No events

VM Operations (20 events):
Event: 81898.093 Executing safepoint VM operation: ParallelGCFailedAllocation (Allocation Failure)
Event: 81898.096 Executing safepoint VM operation: ParallelGCFailedAllocation (Allocation Failure) done
Event: 81898.491 Executing safepoint VM operation: ParallelGCFailedAllocation (Allocation Failure)
Event: 81898.497 Executing safepoint VM operation: ParallelGCFailedAllocation (Allocation Failure) done
Event: 81898.792 Executing safepoint VM operation: ParallelGCFailedAllocation (Allocation Failure)
Event: 81898.799 Executing safepoint VM operation: ParallelGCFailedAllocation (Allocation Failure) done
Event: 81927.834 Executing non-safepoint VM operation: HandshakeAllThreads (HandshakeForDeflation)
Event: 81927.834 Executing non-safepoint VM operation: HandshakeAllThreads (HandshakeForDeflation) done
Event: 81927.834 Executing non-safepoint VM operation: RendezvousGCThreads
Event: 81927.834 Executing non-safepoint VM operation: RendezvousGCThreads done
Event: 81944.857 Executing safepoint VM operation: Cleanup
Event: 81944.857 Executing safepoint VM operation: Cleanup done
Event: 81987.991 Executing non-safepoint VM operation: HandshakeAllThreads (HandshakeForDeflation)
Event: 81987.991 Executing non-safepoint VM operation: HandshakeAllThreads (HandshakeForDeflation) done
Event: 81987.991 Executing non-safepoint VM operation: RendezvousGCThreads
Event: 81987.991 Executing non-safepoint VM operation: RendezvousGCThreads done
Event: 82005.085 Executing safepoint VM operation: Cleanup
Event: 82005.085 Executing safepoint VM operation: Cleanup done
Event: 82062.394 Executing safepoint VM operation: Cleanup
Event: 82062.394 Executing safepoint VM operation: Cleanup done

Memory protections (0 events):
No events

Nmethod flushes (20 events):
Event: 30834.977 Thread 0x0000019f5b415170 flushing  nmethod 0x0000019f61d05610
Event: 30834.977 Thread 0x0000019f5b415170 flushing  nmethod 0x0000019f61d32b90
Event: 30834.977 Thread 0x0000019f5b415170 flushing  nmethod 0x0000019f61d33e10
Event: 30834.977 Thread 0x0000019f5b415170 flushing  nmethod 0x0000019f61d3fe10
Event: 30834.977 Thread 0x0000019f5b415170 flushing  nmethod 0x0000019f61d64610
Event: 30834.977 Thread 0x0000019f5b415170 flushing  nmethod 0x0000019f61d74990
Event: 30834.977 Thread 0x0000019f5b415170 flushing  nmethod 0x0000019f61d75f90
Event: 30834.977 Thread 0x0000019f5b415170 flushing  nmethod 0x0000019f61d78e90
Event: 30834.977 Thread 0x0000019f5b415170 flushing  nmethod 0x0000019f61d7b210
Event: 30834.977 Thread 0x0000019f5b415170 flushing  nmethod 0x0000019f61dab590
Event: 30834.977 Thread 0x0000019f5b415170 flushing  nmethod 0x0000019f61e07790
Event: 30834.977 Thread 0x0000019f5b415170 flushing  nmethod 0x0000019f61e0e910
Event: 30834.977 Thread 0x0000019f5b415170 flushing  nmethod 0x0000019f61e2ac90
Event: 30834.977 Thread 0x0000019f5b415170 flushing  nmethod 0x0000019f61e2b710
Event: 30834.977 Thread 0x0000019f5b415170 flushing  nmethod 0x0000019f61e2ce10
Event: 30834.977 Thread 0x0000019f5b415170 flushing  nmethod 0x0000019f61e96790
Event: 30834.977 Thread 0x0000019f5b415170 flushing  nmethod 0x0000019f61f0d990
Event: 30834.977 Thread 0x0000019f5b415170 flushing  nmethod 0x0000019f61f29890
Event: 30834.977 Thread 0x0000019f5b415170 flushing osr nmethod 0x0000019f61f5a510
Event: 30834.977 Thread 0x0000019f5b415170 flushing  nmethod 0x0000019f61f71e90

Events (20 events):
Event: 81761.959 Thread 0x0000019f7b3c4c10 Thread added: 0x0000019f7d53f2f0
Event: 81764.834 Thread 0x0000019f7b3c4c10 Thread added: 0x0000019f7d53d8b0
Event: 81824.721 Thread 0x0000019f7e910720 Thread exited: 0x0000019f7e910720
Event: 81824.897 Thread 0x0000019f7d53f2f0 Thread exited: 0x0000019f7d53f2f0
Event: 81890.711 Thread 0x0000019f7c8ab130 Thread added: 0x0000019f7d53ec60
Event: 81944.256 Thread 0x0000019f7c8ab130 Thread added: 0x0000019f7d53e5d0
Event: 81944.261 Thread 0x0000019f7d53e5d0 Thread exited: 0x0000019f7d53e5d0
Event: 81944.392 Thread 0x0000019f7c8ab130 Thread added: 0x0000019f7d53e5d0
Event: 81944.396 Thread 0x0000019f7d53e5d0 Thread exited: 0x0000019f7d53e5d0
Event: 81944.462 Thread 0x0000019f7b3c24b0 Thread exited: 0x0000019f7b3c24b0
Event: 81960.735 Thread 0x0000019f7b3c03e0 Thread exited: 0x0000019f7b3c03e0
Event: 81984.390 Thread 0x0000019f7c8aec40 Thread exited: 0x0000019f7c8aec40
Event: 81989.827 Thread 0x0000019f7c8acb70 Thread exited: 0x0000019f7c8acb70
Event: 82004.537 Thread 0x0000019f7d53ec60 Thread exited: 0x0000019f7d53ec60
Event: 82020.744 Thread 0x0000019f7b3c1100 Thread exited: 0x0000019f7b3c1100
Event: 82061.929 Thread 0x0000019f7c8a9060 Thread exited: 0x0000019f7c8a9060
Event: 82064.847 Thread 0x0000019f7d53d8b0 Thread exited: 0x0000019f7d53d8b0
Event: 82080.757 Thread 0x0000019f7b3c4580 Thread exited: 0x0000019f7b3c4580
Event: 82140.762 Thread 0x0000019f7e9148c0 Thread exited: 0x0000019f7e9148c0
Event: 82200.765 Thread 0x0000019f7b3bdc80 Thread exited: 0x0000019f7b3bdc80


Dynamic libraries:
0x00007ff6b0a20000 - 0x00007ff6b0a2e000 	c:\Users\Alison FB\.vscode\extensions\redhat.java-1.54.0-win32-x64\jre\21.0.10-win32-x86_64\bin\java.exe
0x00007fff763a0000 - 0x00007fff76607000 	C:\WINDOWS\SYSTEM32\ntdll.dll
0x00007fff74c90000 - 0x00007fff74d59000 	C:\WINDOWS\System32\KERNEL32.DLL
0x00007fff72f00000 - 0x00007fff732f7000 	C:\WINDOWS\System32\KERNELBASE.dll
0x00007fff702c0000 - 0x00007fff70360000 	C:\WINDOWS\SYSTEM32\apphelp.dll
0x00007fff73f10000 - 0x00007fff7405b000 	C:\WINDOWS\System32\ucrtbase.dll
0x00007fff550a0000 - 0x00007fff550b8000 	c:\Users\Alison FB\.vscode\extensions\redhat.java-1.54.0-win32-x64\jre\21.0.10-win32-x86_64\bin\jli.dll
0x00007fff75190000 - 0x00007fff75356000 	C:\WINDOWS\System32\USER32.dll
0x00007fff740f0000 - 0x00007fff74117000 	C:\WINDOWS\System32\win32u.dll
0x00007fff750a0000 - 0x00007fff750cb000 	C:\WINDOWS\System32\GDI32.dll
0x00007fff72dd0000 - 0x00007fff72efc000 	C:\WINDOWS\System32\gdi32full.dll
0x00007fff73da0000 - 0x00007fff73e43000 	C:\WINDOWS\System32\msvcp_win.dll
0x00007fff550c0000 - 0x00007fff550de000 	c:\Users\Alison FB\.vscode\extensions\redhat.java-1.54.0-win32-x64\jre\21.0.10-win32-x86_64\bin\VCRUNTIME140.dll
0x00007fff63d30000 - 0x00007fff63fc2000 	C:\WINDOWS\WinSxS\amd64_microsoft.windows.common-controls_6595b64144ccf1df_6.0.26100.8457_none_3e0b2faee331e92d\COMCTL32.dll
0x00007fff75f20000 - 0x00007fff75fc9000 	C:\WINDOWS\System32\msvcrt.dll
0x00007fff749b0000 - 0x00007fff749e2000 	C:\WINDOWS\System32\IMM32.DLL
0x00007fff6d390000 - 0x00007fff6d39c000 	c:\Users\Alison FB\.vscode\extensions\redhat.java-1.54.0-win32-x64\jre\21.0.10-win32-x86_64\bin\vcruntime140_1.dll
0x00007fff3bc30000 - 0x00007fff3bcbd000 	c:\Users\Alison FB\.vscode\extensions\redhat.java-1.54.0-win32-x64\jre\21.0.10-win32-x86_64\bin\msvcp140.dll
0x00007ffed1ea0000 - 0x00007ffed2c41000 	c:\Users\Alison FB\.vscode\extensions\redhat.java-1.54.0-win32-x64\jre\21.0.10-win32-x86_64\bin\server\jvm.dll
0x00007fff750d0000 - 0x00007fff75186000 	C:\WINDOWS\System32\ADVAPI32.dll
0x00007fff75360000 - 0x00007fff75407000 	C:\WINDOWS\System32\sechost.dll
0x00007fff75520000 - 0x00007fff75638000 	C:\WINDOWS\System32\RPCRT4.dll
0x00007fff75410000 - 0x00007fff75490000 	C:\WINDOWS\System32\WS2_32.dll
0x00007fff72c50000 - 0x00007fff72cae000 	C:\WINDOWS\SYSTEM32\POWRPROF.dll
0x00007fff63fd0000 - 0x00007fff64006000 	C:\WINDOWS\SYSTEM32\WINMM.dll
0x00007fff69be0000 - 0x00007fff69beb000 	C:\WINDOWS\SYSTEM32\VERSION.dll
0x00007fff72c30000 - 0x00007fff72c44000 	C:\WINDOWS\SYSTEM32\UMPDC.dll
0x00007fff71b60000 - 0x00007fff71b7b000 	C:\WINDOWS\SYSTEM32\kernel.appcore.dll
0x00007fff6c060000 - 0x00007fff6c06a000 	c:\Users\Alison FB\.vscode\extensions\redhat.java-1.54.0-win32-x64\jre\21.0.10-win32-x86_64\bin\jimage.dll
0x00007fff70e60000 - 0x00007fff710a2000 	C:\WINDOWS\SYSTEM32\DBGHELP.DLL
0x00007fff75fd0000 - 0x00007fff76353000 	C:\WINDOWS\System32\combase.dll
0x00007fff74d60000 - 0x00007fff74e39000 	C:\WINDOWS\System32\OLEAUT32.dll
0x00007fff60f90000 - 0x00007fff60fcb000 	C:\WINDOWS\SYSTEM32\dbgcore.DLL
0x00007fff73480000 - 0x00007fff73528000 	C:\WINDOWS\System32\bcryptPrimitives.dll
0x00007fff60840000 - 0x00007fff6084f000 	c:\Users\Alison FB\.vscode\extensions\redhat.java-1.54.0-win32-x64\jre\21.0.10-win32-x86_64\bin\instrument.dll
0x00007fff50320000 - 0x00007fff50340000 	c:\Users\Alison FB\.vscode\extensions\redhat.java-1.54.0-win32-x64\jre\21.0.10-win32-x86_64\bin\java.dll
0x00007fff74230000 - 0x00007fff7499e000 	C:\WINDOWS\System32\SHELL32.dll
0x00007fff73530000 - 0x00007fff73d9c000 	C:\WINDOWS\System32\windows.storage.dll
0x00007fff75d60000 - 0x00007fff75e56000 	C:\WINDOWS\System32\SHCORE.dll
0x00007fff75c80000 - 0x00007fff75ce6000 	C:\WINDOWS\System32\shlwapi.dll
0x00007fff72cf0000 - 0x00007fff72d19000 	C:\WINDOWS\SYSTEM32\profapi.dll
0x00007fff53460000 - 0x00007fff53478000 	c:\Users\Alison FB\.vscode\extensions\redhat.java-1.54.0-win32-x64\jre\21.0.10-win32-x86_64\bin\zip.dll
0x00007fff599d0000 - 0x00007fff599e0000 	C:\Users\Alison FB\.vscode\extensions\redhat.java-1.54.0-win32-x64\jre\21.0.10-win32-x86_64\bin\net.dll
0x00007fff6c5c0000 - 0x00007fff6c6e9000 	C:\WINDOWS\SYSTEM32\WINHTTP.dll
0x00007fff720d0000 - 0x00007fff7213c000 	C:\WINDOWS\system32\mswsock.dll
0x00007fff4fb10000 - 0x00007fff4fb26000 	C:\Users\Alison FB\.vscode\extensions\redhat.java-1.54.0-win32-x64\jre\21.0.10-win32-x86_64\bin\nio.dll
0x00007fff54300000 - 0x00007fff54310000 	c:\Users\Alison FB\.vscode\extensions\redhat.java-1.54.0-win32-x64\jre\21.0.10-win32-x86_64\bin\verify.dll
0x00007fff3e540000 - 0x00007fff3e585000 	C:\Users\Alison FB\AppData\Roaming\Code\User\globalStorage\redhat.java\1.54.0\config_win\org.eclipse.equinox.launcher\org.eclipse.equinox.launcher.win32.win32.x86_64_1.3.0.v20260203-2149\eclipse_11919.dll
0x00007fff74f00000 - 0x00007fff75097000 	C:\WINDOWS\System32\ole32.dll
0x00007fff723b0000 - 0x00007fff723cb000 	C:\WINDOWS\SYSTEM32\CRYPTSP.dll
0x00007fff71ac0000 - 0x00007fff71af9000 	C:\WINDOWS\system32\rsaenh.dll
0x00007fff72180000 - 0x00007fff721b3000 	C:\WINDOWS\SYSTEM32\USERENV.dll
0x00007fff72cc0000 - 0x00007fff72cea000 	C:\WINDOWS\SYSTEM32\bcrypt.dll
0x00007fff723d0000 - 0x00007fff723dc000 	C:\WINDOWS\SYSTEM32\CRYPTBASE.dll
0x00007fff71570000 - 0x00007fff715a2000 	C:\WINDOWS\SYSTEM32\IPHLPAPI.DLL
0x00007fff74220000 - 0x00007fff7422a000 	C:\WINDOWS\System32\NSI.dll
0x00007fff3c240000 - 0x00007fff3c289000 	C:\Users\Alison FB\AppData\Local\Temp\jna--178688760\jna16681988635996164321.dll
0x00007fff75f10000 - 0x00007fff75f18000 	C:\WINDOWS\System32\PSAPI.DLL
0x00007fff6c7a0000 - 0x00007fff6c7bd000 	C:\WINDOWS\SYSTEM32\dhcpcsvc6.DLL
0x00007fff6c3f0000 - 0x00007fff6c415000 	C:\WINDOWS\SYSTEM32\dhcpcsvc.DLL
0x00007fff6d590000 - 0x00007fff6d59e000 	C:\Users\Alison FB\.vscode\extensions\redhat.java-1.54.0-win32-x64\jre\21.0.10-win32-x86_64\bin\sunmscapi.dll
0x00007fff73300000 - 0x00007fff73478000 	C:\WINDOWS\System32\CRYPT32.dll
0x00007fff725d0000 - 0x00007fff72600000 	C:\WINDOWS\SYSTEM32\ncrypt.dll
0x00007fff72580000 - 0x00007fff725bf000 	C:\WINDOWS\SYSTEM32\NTASN1.dll
0x00007fff715b0000 - 0x00007fff716e2000 	C:\WINDOWS\SYSTEM32\DNSAPI.dll
0x00007fff65f20000 - 0x00007fff65f2b000 	C:\Windows\System32\rasadhlp.dll
0x00007fff69bf0000 - 0x00007fff69c76000 	C:\WINDOWS\System32\fwpuclnt.dll
0x00007fff6d580000 - 0x00007fff6d589000 	C:\Users\Alison FB\.vscode\extensions\redhat.java-1.54.0-win32-x64\jre\21.0.10-win32-x86_64\bin\extnet.dll
0x00007fff71c80000 - 0x00007fff71cb6000 	C:\WINDOWS\SYSTEM32\ntmarta.dll
0x00007ffefc8e0000 - 0x00007ffefc9da000 	C:\Program Files\Topaz OFD\Warsaw\wslbscrwh64.dll
0x00007ffefef70000 - 0x00007ffeff08a000 	C:\Program Files\Topaz OFD\Warsaw\wslbscr64.dll
0x00007fff6e120000 - 0x00007fff6e128000 	C:\WINDOWS\system32\wshunix.dll

JVMTI agents:
c:\Users\Alison FB\.vscode\extensions\redhat.java-1.54.0-win32-x64\lombok\lombok-1.18.39-4050.jar path:c:\Users\Alison FB\.vscode\extensions\redhat.java-1.54.0-win32-x64\jre\21.0.10-win32-x86_64\bin\instrument.dll, loaded, initialized, instrumentlib options:none

dbghelp: loaded successfully - version: 4.0.5 - missing functions: none
symbol engine: initialized successfully - sym options: 0x614 - pdb path: .;c:\Users\Alison FB\.vscode\extensions\redhat.java-1.54.0-win32-x64\jre\21.0.10-win32-x86_64\bin;C:\WINDOWS\SYSTEM32;C:\WINDOWS\WinSxS\amd64_microsoft.windows.common-controls_6595b64144ccf1df_6.0.26100.8457_none_3e0b2faee331e92d;c:\Users\Alison FB\.vscode\extensions\redhat.java-1.54.0-win32-x64\jre\21.0.10-win32-x86_64\bin\server;C:\Users\Alison FB\AppData\Roaming\Code\User\globalStorage\redhat.java\1.54.0\config_win\org.eclipse.equinox.launcher\org.eclipse.equinox.launcher.win32.win32.x86_64_1.3.0.v20260203-2149;C:\Users\Alison FB\AppData\Local\Temp\jna--178688760;C:\Program Files\Topaz OFD\Warsaw

VM Arguments:
jvm_args: --add-modules=ALL-SYSTEM --add-opens=java.base/java.util=ALL-UNNAMED --add-opens=java.base/java.lang=ALL-UNNAMED --add-opens=java.base/sun.nio.fs=ALL-UNNAMED -Declipse.application=org.eclipse.jdt.ls.core.id1 -Dosgi.bundles.defaultStartLevel=4 -Declipse.product=org.eclipse.jdt.ls.core.product -Djava.import.generatesMetadataFilesAtProjectRoot=false -DDetectVMInstallationsJob.disabled=true -Dfile.encoding=utf8 -XX:+UseParallelGC -XX:GCTimeRatio=4 -XX:AdaptiveSizePolicyWeight=90 -Dsun.zip.disableMemoryMapping=true -Xmx2G -Xms100m -Xlog:disable -javaagent:c:\Users\Alison FB\.vscode\extensions\redhat.java-1.54.0-win32-x64\lombok\lombok-1.18.39-4050.jar -XX:+HeapDumpOnOutOfMemoryError -XX:HeapDumpPath=c:\Users\Alison FB\AppData\Roaming\Code\User\workspaceStorage\700a4d7b39670635a1bbf14dbed19cd9\redhat.java -Daether.dependencyCollector.impl=bf 
java_command: c:\Users\Alison FB\.vscode\extensions\redhat.java-1.54.0-win32-x64\server\plugins\org.eclipse.equinox.launcher_1.7.100.v20251111-0406.jar -configuration c:\Users\Alison FB\AppData\Roaming\Code\User\globalStorage\redhat.java\1.54.0\config_win -data c:\Users\Alison FB\AppData\Roaming\Code\User\workspaceStorage\700a4d7b39670635a1bbf14dbed19cd9\redhat.java\jdt_ws --pipe=\\.\pipe\lsp-1fd99471aff8e92d3ea3e0c086bcba5e-sock
java_class_path (initial): c:\Users\Alison FB\.vscode\extensions\redhat.java-1.54.0-win32-x64\server\plugins\org.eclipse.equinox.launcher_1.7.100.v20251111-0406.jar
Launcher Type: SUN_STANDARD

[Global flags]
    uintx AdaptiveSizePolicyWeight                 = 90                                        {product} {command line}
     intx CICompilerCount                          = 4                                         {product} {ergonomic}
    uintx GCTimeRatio                              = 4                                         {product} {command line}
     bool HeapDumpOnOutOfMemoryError               = true                                   {manageable} {command line}
    ccstr HeapDumpPath                             = c:\Users\Alison FB\AppData\Roaming\Code\User\workspaceStorage\700a4d7b39670635a1bbf14dbed19cd9\redhat.java         {manageable} {command line}
   size_t InitialHeapSize                          = 104857600                                 {product} {command line}
   size_t MaxHeapSize                              = 2147483648                                {product} {command line}
   size_t MaxNewSize                               = 715653120                                 {product} {ergonomic}
   size_t MinHeapDeltaBytes                        = 524288                                    {product} {ergonomic}
   size_t MinHeapSize                              = 104857600                                 {product} {command line}
   size_t NewSize                                  = 34603008                                  {product} {ergonomic}
    uintx NonNMethodCodeHeapSize                   = 5839372                                {pd product} {ergonomic}
    uintx NonProfiledCodeHeapSize                  = 122909434                              {pd product} {ergonomic}
   size_t OldSize                                  = 70254592                                  {product} {ergonomic}
    uintx ProfiledCodeHeapSize                     = 122909434                              {pd product} {ergonomic}
    uintx ReservedCodeCacheSize                    = 251658240                              {pd product} {ergonomic}
     bool SegmentedCodeCache                       = true                                      {product} {ergonomic}
   size_t SoftMaxHeapSize                          = 2147483648                             {manageable} {ergonomic}
     bool UseCompressedOops                        = true                           {product lp64_product} {ergonomic}
     bool UseLargePagesIndividualAllocation        = false                                  {pd product} {ergonomic}
     bool UseParallelGC                            = true                                      {product} {command line}

Logging:
Log output configuration:
 #0: stdout all=off uptime,level,tags foldmultilines=false
 #1: stderr all=off uptime,level,tags foldmultilines=false

Release file:
JAVA_VERSION="21.0.10" 
MODULES="java.base java.compiler java.datatransfer java.xml java.prefs java.desktop java.instrument java.logging java.management java.security.sasl java.naming java.rmi java.management.rmi java.net.http java.scripting java.security.jgss java.transaction.xa java.sql java.sql.rowset java.xml.crypto java.se java.smartcardio jdk.accessibility jdk.internal.jvmstat jdk.attach jdk.charsets jdk.internal.opt jdk.zipfs jdk.compiler jdk.crypto.ec jdk.crypto.cryptoki jdk.crypto.mscapi jdk.dynalink jdk.internal.ed jdk.editpad jdk.hotspot.agent jdk.httpserver jdk.internal.le jdk.internal.vm.ci jdk.internal.vm.compiler jdk.internal.vm.compiler.management jdk.jartool jdk.javadoc jdk.jcmd jdk.management jdk.management.agent jdk.jconsole jdk.jdeps jdk.jdwp.agent jdk.jdi jdk.jfr jdk.jshell jdk.jsobject jdk.jstatd jdk.localedata jdk.management.jfr jdk.naming.dns jdk.naming.rmi jdk.net jdk.nio.mapmode jdk.random jdk.sctp jdk.security.auth jdk.security.jgss jdk.unsupported jdk.unsupported.desktop jdk.xml.dom" 

Environment Variables:
PATH=C:\xampp\php;C:\Program Files (x86)\Common Files\Oracle\Java\javapath;C:\ProgramData\Oracle\Java\javapath;C:\WINDOWS\system32;C:\WINDOWS;C:\WINDOWS\System32\Wbem;C:\WINDOWS\System32\WindowsPowerShell\v1.0\;C:\WINDOWS\System32\OpenSSH\;C:\Program Files\dotnet\;C:\Users\Alison FB\AppData\Local\Muse Hub\lib;C:\ProgramData\ComposerSetup\bin;C:\Program Files\Git\cmd;C:\xampp\php;C:\Users\Alison FB\.config\herd-lite\bin;C:\Users\Alison FB\AppData\Local\Microsoft\WindowsApps;C:\Users\Alison FB\AppData\Local\Muse Hub\lib;C:\Users\Alison FB\AppData\Local\Programs\Microsoft VS Code\bin;C:\Users\Alison FB\AppData\Roaming\Composer\vendor\bin;C:\Users\Alison FB\AppData\Local\GitHubDesktop\bin
USERNAME=Alison FB
OS=Windows_NT
PROCESSOR_IDENTIFIER=Intel64 Family 6 Model 142 Stepping 10, GenuineIntel
TMP=C:\Users\ALISON~1\AppData\Local\Temp
TEMP=C:\Users\ALISON~1\AppData\Local\Temp




Periodic native trim disabled

---------------  S Y S T E M  ---------------

OS:
 Windows 11 , 64 bit Build 26100 (10.0.26100.8328)
OS uptime: 8 days 19:45 hours

CPU: total 8 (initial active 8) (4 cores per cpu, 2 threads per core) family 6 model 142 stepping 10 microcode 0xea, cx8, cmov, fxsr, ht, mmx, 3dnowpref, sse, sse2, sse3, ssse3, sse4.1, sse4.2, popcnt, lzcnt, tsc, tscinvbit, avx, avx2, aes, erms, clmul, bmi1, bmi2, adx, fma, vzeroupper, clflush, clflushopt, rdtscp, f16c
Processor Information for the first 8 processors :
  Max Mhz: 1800, Current Mhz: 1600, Mhz Limit: 1584

Memory: 4k page, system-wide physical 8101M (673M free)
TotalPageFile size 20389M (AvailPageFile size 0M)
current process WorkingSet (physical memory assigned to process): 11M, peak: 900M
current process commit charge ("private bytes"): 1536M, peak: 1561M

vm_info: OpenJDK 64-Bit Server VM (21.0.10+7-LTS) for windows-amd64 JRE (21.0.10+7-LTS), built on 2026-01-20T00:00:00Z by "admin" with MS VC++ 17.12 (VS2022)

END.
